  Determining projects to restore...
  All projects are up-to-date for restore.
C:\Users\HOANG TRUNG\Desktop\Project Github\grade-management\Program.cs(1,23): error CS0234: The type or namespace name 'Model' does not exist in the namespace 'GradeManagement' (are you missing an assembly reference?) [C:\Users\HOANG TRUNG\Desktop\Project Github\grade-management\GradeManagement.csproj]
C:\Users\HOANG TRUNG\Desktop\Project Github\grade-management\RepositoryInterface\ICourseRepository.cs(1,23): error CS0234: The type or namespace name 'Model' does not exist in the namespace 'GradeManagement' (are you missing an assembly reference?) [C:\Users\HOANG TRUNG\Desktop\Project Github\grade-management\GradeManagement.csproj]
C:\Users\HOANG TRUNG\Desktop\Project Github\grade-management\RepositoryInterface\IResultRepository.cs(1,23): error CS0234: The type or namespace name 'Model' does not exist in the namespace 'GradeManagement' (are you missing an assembly reference?) [C:\Users\HOANG TRUNG\Desktop\Project Github\grade-management\GradeManagement.csproj]
C:\Users\HOANG TRUNG\Desktop\Project Github\grade-management\RepositoryInterface\IStudentRepository.cs(1,23): error CS0234: The type or namespace name 'Model' does not exist in the namespace 'GradeManagement' (are you missing an assembly reference?) [C:\Users\HOANG TRUNG\Desktop\Project Github\grade-management\GradeManagement.csproj]
C:\Users\HOANG TRUNG\Desktop\Project Github\grade-management\RepositoryInterface\IUserRepository.cs(1,23): error CS0234: The type or namespace name 'Model' does not exist in the namespace 'GradeManagement' (are you missing an assembly reference?) [C:\Users\HOANG TRUNG\Desktop\Project Github\grade-management\GradeManagement.csproj]
C:\Users\HOANG TRUNG\Desktop\Project Github\grade-management\ServiceInterface\IStudentService.cs(1,23): error CS0234: The type or namespace name 'Model' does not exist in the namespace 'GradeManagement' (are you missing an assembly reference?) [C:\Users\HOANG TRUNG\Desktop\Project Github\grade-management\GradeManagement.csproj]
C:\Users\HOANG TRUNG\Desktop\Project Github\grade-management\ServiceInterface\IUserService.cs(1,23): error CS0234: The type or namespace name 'Model' does not exist in the namespace 'GradeManagement' (are you missing an assembly reference?) [C:\Users\HOANG TRUNG\Desktop\Project Github\grade-management\GradeManagement.csproj]
C:\Users\HOANG TRUNG\Desktop\Project Github\grade-management\Service\StudentService.cs(1,23): error CS0234: The type or namespace name 'Model' does not exist in the namespace 'GradeManagement' (are you missing an assembly reference?) [C:\Users\HOANG TRUNG\Desktop\Project Github\grade-management\GradeManagement.csproj]
C:\Users\HOANG TRUNG\Desktop\Project Github\grade-management\Service\UserService.cs(1,23): error CS0234: The type or namespace name 'Model' does not exist in the namespace 'GradeManagement' (are you missing an assembly reference?) [C:\Users\HOANG TRUNG\Desktop\Project Github\grade-management\GradeManagement.csproj]
C:\Users\HOANG TRUNG\Desktop\Project Github\grade-management\RepositoryInterface\ICourseRepository.cs(4,58): error CS0246: The type or namespace name 'Course' could not be found (are you missing a using directive or an assembly reference?) [C:\Users\HOANG TRUNG\Desktop\Project Github\grade-management\GradeManagement.csproj]
C:\Users\HOANG TRUNG\Desktop\Project Github\grade-management\RepositoryInterface\IResultRepository.cs(4,58): error CS0246: The type or namespace name 'Result' could not be found (are you missing a using directive or an assembly reference?) [C:\Users\HOANG TRUNG\Desktop\Project Github\grade-management\GradeManagement.csproj]
C:\Users\HOANG TRUNG\Desktop\Project Github\grade-management\RepositoryInterface\IStudentRepository.cs(4,59): error CS0246: The type or namespace name 'Student' could not be found (are you missing a using directive or an assembly reference?) [C:\Users\HOANG TRUNG\Desktop\Project Github\grade-management\GradeManagement.csproj]
C:\Users\HOANG TRUNG\Desktop\Project Github\grade-management\RepositoryInterface\IUserRepository.cs(4,56): error CS0246: The type or namespace name 'User' could not be found (are you missing a using directive or an assembly reference?) [C:\Users\HOANG TRUNG\Desktop\Project Github\grade-management\GradeManagement.csproj]
C:\Users\HOANG TRUNG\Desktop\Project Github\grade-management\RepositoryInterface\IUserRepository.cs(5,10): error CS0246: The type or namespace name 'User' could not be found (are you missing a using directive or an assembly reference?) [C:\Users\HOANG TRUNG\Desktop\Project Github\grade-management\GradeManagement.csproj]
C:\Users\HOANG TRUNG\Desktop\Project Github\grade-management\ServiceInterface\IStudentService.cs(5,22): error CS0246: The type or namespace name 'Result' could not be found (are you missing a using directive or an assembly reference?) [C:\Users\HOANG TRUNG\Desktop\Project Github\grade-management\GradeManagement.csproj]
C:\Users\HOANG TRUNG\Desktop\Project Github\grade-management\Repository\CourseRepository.cs(7,61): error CS0535: 'CourseRepository' does not implement interface member 'IBaseRepository<Course>.create(Course)' [C:\Users\HOANG TRUNG\Desktop\Project Github\grade-management\GradeManagement.csproj]
C:\Users\HOANG TRUNG\Desktop\Project Github\grade-management\Repository\CourseRepository.cs(7,61): error CS0738: 'CourseRepository' does not implement interface member 'IBaseRepository<Course>.getById(string)'. 'BaseRepository<Course>.getById(string)' cannot implement 'IBaseRepository<Course>.getById(string)' because it does not have the matching return type of 'Task<Course?>'. [C:\Users\HOANG TRUNG\Desktop\Project Github\grade-management\GradeManagement.csproj]
C:\Users\HOANG TRUNG\Desktop\Project Github\grade-management\Repository\CourseRepository.cs(7,61): error CS0738: 'CourseRepository' does not implement interface member 'IBaseRepository<Course>.getAll()'. 'BaseRepository<Course>.getAll()' cannot implement 'IBaseRepository<Course>.getAll()' because it does not have the matching return type of 'Task<IEnumerable<Course>>'. [C:\Users\HOANG TRUNG\Desktop\Project Github\grade-management\GradeManagement.csproj]
C:\Users\HOANG TRUNG\Desktop\Project Github\grade-management\Repository\CourseRepository.cs(7,61): error CS0535: 'CourseRepository' does not implement interface member 'IBaseRepository<Course>.update(Course)' [C:\Users\HOANG TRUNG\Desktop\Project Github\grade-management\GradeManagement.csproj]
C:\Users\HOANG TRUNG\Desktop\Project Github\grade-management\ServiceInterface\IUserService.cs(6,27): error CS0246: The type or namespace name 'User' could not be found (are you missing a using directive or an assembly reference?) [C:\Users\HOANG TRUNG\Desktop\Project Github\grade-management\GradeManagement.csproj]
C:\Users\HOANG TRUNG\Desktop\Project Github\grade-management\Repository\ResultRepository.cs(7,61): error CS0535: 'ResultRepository' does not implement interface member 'IBaseRepository<Result>.create(Result)' [C:\Users\HOANG TRUNG\Desktop\Project Github\grade-management\GradeManagement.csproj]
C:\Users\HOANG TRUNG\Desktop\Project Github\grade-management\Repository\ResultRepository.cs(7,61): error CS0738: 'ResultRepository' does not implement interface member 'IBaseRepository<Result>.getById(string)'. 'BaseRepository<Result>.getById(string)' cannot implement 'IBaseRepository<Result>.getById(string)' because it does not have the matching return type of 'Task<Result?>'. [C:\Users\HOANG TRUNG\Desktop\Project Github\grade-management\GradeManagement.csproj]
C:\Users\HOANG TRUNG\Desktop\Project Github\grade-management\Repository\ResultRepository.cs(7,61): error CS0738: 'ResultRepository' does not implement interface member 'IBaseRepository<Result>.getAll()'. 'BaseRepository<Result>.getAll()' cannot implement 'IBaseRepository<Result>.getAll()' because it does not have the matching return type of 'Task<IEnumerable<Result>>'. [C:\Users\HOANG TRUNG\Desktop\Project Github\grade-management\GradeManagement.csproj]
C:\Users\HOANG TRUNG\Desktop\Project Github\grade-management\Repository\ResultRepository.cs(7,61): error CS0535: 'ResultRepository' does not implement interface member 'IBaseRepository<Result>.update(Result)' [C:\Users\HOANG TRUNG\Desktop\Project Github\grade-management\GradeManagement.csproj]
C:\Users\HOANG TRUNG\Desktop\Project Github\grade-management\Repository\StudentRepository.cs(7,63): error CS0535: 'StudentRepository' does not implement interface member 'IBaseRepository<Student>.create(Student)' [C:\Users\HOANG TRUNG\Desktop\Project Github\grade-management\GradeManagement.csproj]
C:\Users\HOANG TRUNG\Desktop\Project Github\grade-management\Repository\StudentRepository.cs(7,63): error CS0738: 'StudentRepository' does not implement interface member 'IBaseRepository<Student>.getById(string)'. 'BaseRepository<Student>.getById(string)' cannot implement 'IBaseRepository<Student>.getById(string)' because it does not have the matching return type of 'Task<Student?>'. [C:\Users\HOANG TRUNG\Desktop\Project Github\grade-management\GradeManagement.csproj]
C:\Users\HOANG TRUNG\Desktop\Project Github\grade-management\Repository\StudentRepository.cs(7,63): error CS0738: 'StudentRepository' does not implement interface member 'IBaseRepository<Student>.getAll()'. 'BaseRepository<Student>.getAll()' cannot implement 'IBaseRepository<Student>.getAll()' because it does not have the matching return type of 'Task<IEnumerable<Student>>'. [C:\Users\HOANG TRUNG\Desktop\Project Github\grade-management\GradeManagement.csproj]
C:\Users\HOANG TRUNG\Desktop\Project Github\grade-management\Repository\StudentRepository.cs(7,63): error CS0535: 'StudentRepository' does not implement interface member 'IBaseRepository<Student>.update(Student)' [C:\Users\HOANG TRUNG\Desktop\Project Github\grade-management\GradeManagement.csproj]
C:\Users\HOANG TRUNG\Desktop\Project Github\grade-management\Service\StudentService.cs(17,35): error CS0246: The type or namespace name 'Result' could not be found (are you missing a using directive or an assembly reference?) [C:\Users\HOANG TRUNG\Desktop\Project Github\grade-management\GradeManagement.csproj]
C:\Users\HOANG TRUNG\Desktop\Project Github\grade-management\Service\UserService.cs(13,41): error CS0246: The type or namespace name 'User' could not be found (are you missing a using directive or an assembly reference?) [C:\Users\HOANG TRUNG\Desktop\Project Github\grade-management\GradeManagement.csproj]
C:\Users\HOANG TRUNG\Desktop\Project Github\grade-management\Repository\UserRepository.cs(8,57): error CS0738: 'UserRepository' does not implement interface member 'IUserRepository.getUserByUsername(string)'. 'UserRepository.getUserByUsername(string)' cannot implement 'IUserRepository.getUserByUsername(string)' because it does not have the matching return type of 'Task<User?>'. [C:\Users\HOANG TRUNG\Desktop\Project Github\grade-management\GradeManagement.csproj]
C:\Users\HOANG TRUNG\Desktop\Project Github\grade-management\Repository\UserRepository.cs(8,57): error CS0535: 'UserRepository' does not implement interface member 'IBaseRepository<User>.create(User)' [C:\Users\HOANG TRUNG\Desktop\Project Github\grade-management\GradeManagement.csproj]
C:\Users\HOANG TRUNG\Desktop\Project Github\grade-management\Repository\UserRepository.cs(8,57): error CS0738: 'UserRepository' does not implement interface member 'IBaseRepository<User>.getById(string)'. 'BaseRepository<User>.getById(string)' cannot implement 'IBaseRepository<User>.getById(string)' because it does not have the matching return type of 'Task<User?>'. [C:\Users\HOANG TRUNG\Desktop\Project Github\grade-management\GradeManagement.csproj]
C:\Users\HOANG TRUNG\Desktop\Project Github\grade-management\Repository\UserRepository.cs(8,57): error CS0738: 'UserRepository' does not implement interface member 'IBaseRepository<User>.getAll()'. 'BaseRepository<User>.getAll()' cannot implement 'IBaseRepository<User>.getAll()' because it does not have the matching return type of 'Task<IEnumerable<User>>'. [C:\Users\HOANG TRUNG\Desktop\Project Github\grade-management\GradeManagement.csproj]
C:\Users\HOANG TRUNG\Desktop\Project Github\grade-management\Repository\UserRepository.cs(8,57): error CS0535: 'UserRepository' does not implement interface member 'IBaseRepository<User>.update(User)' [C:\Users\HOANG TRUNG\Desktop\Project Github\grade-management\GradeManagement.csproj]

Build FAILED.

C:\Users\HOANG TRUNG\Desktop\Project Github\grade-management\Program.cs(1,23): error CS0234: The type or namespace name 'Model' does not exist in the namespace 'GradeManagement' (are you missing an assembly reference?) [C:\Users\HOANG TRUNG\Desktop\Project Github\grade-management\GradeManagement.csproj]
C:\Users\HOANG TRUNG\Desktop\Project Github\grade-management\RepositoryInterface\ICourseRepository.cs(1,23): error CS0234: The type or namespace name 'Model' does not exist in the namespace 'GradeManagement' (are you missing an assembly reference?) [C:\Users\HOANG TRUNG\Desktop\Project Github\grade-management\GradeManagement.csproj]
C:\Users\HOANG TRUNG\Desktop\Project Github\grade-management\RepositoryInterface\IResultRepository.cs(1,23): error CS0234: The type or namespace name 'Model' does not exist in the namespace 'GradeManagement' (are you missing an assembly reference?) [C:\Users\HOANG TRUNG\Desktop\Project Github\grade-management\GradeManagement.csproj]
C:\Users\HOANG TRUNG\Desktop\Project Github\grade-management\RepositoryInterface\IStudentRepository.cs(1,23): error CS0234: The type or namespace name 'Model' does not exist in the namespace 'GradeManagement' (are you missing an assembly reference?) [C:\Users\HOANG TRUNG\Desktop\Project Github\grade-management\GradeManagement.csproj]
C:\Users\HOANG TRUNG\Desktop\Project Github\grade-management\RepositoryInterface\IUserRepository.cs(1,23): error CS0234: The type or namespace name 'Model' does not exist in the namespace 'GradeManagement' (are you missing an assembly reference?) [C:\Users\HOANG TRUNG\Desktop\Project Github\grade-management\GradeManagement.csproj]
C:\Users\HOANG TRUNG\Desktop\Project Github\grade-management\ServiceInterface\IStudentService.cs(1,23): error CS0234: The type or namespace name 'Model' does not exist in the namespace 'GradeManagement' (are you missing an assembly reference?) [C:\Users\HOANG TRUNG\Desktop\Project Github\grade-management\GradeManagement.csproj]
C:\Users\HOANG TRUNG\Desktop\Project Github\grade-management\ServiceInterface\IUserService.cs(1,23): error CS0234: The type or namespace name 'Model' does not exist in the namespace 'GradeManagement' (are you missing an assembly reference?) [C:\Users\HOANG TRUNG\Desktop\Project Github\grade-management\GradeManagement.csproj]
C:\Users\HOANG TRUNG\Desktop\Project Github\grade-management\Service\StudentService.cs(1,23): error CS0234: The type or namespace name 'Model' does not exist in the namespace 'GradeManagement' (are you missing an assembly reference?) [C:\Users\HOANG TRUNG\Desktop\Project Github\grade-management\GradeManagement.csproj]
C:\Users\HOANG TRUNG\Desktop\Project Github\grade-management\Service\UserService.cs(1,23): error CS0234: The type or namespace name 'Model' does not exist in the namespace 'GradeManagement' (are you missing an assembly reference?) [C:\Users\HOANG TRUNG\Desktop\Project Github\grade-management\GradeManagement.csproj]
C:\Users\HOANG TRUNG\Desktop\Project Github\grade-management\RepositoryInterface\ICourseRepository.cs(4,58): error CS0246: The type or namespace name 'Course' could not be found (are you missing a using directive or an assembly reference?) [C:\Users\HOANG TRUNG\Desktop\Project Github\grade-management\GradeManagement.csproj]
C:\Users\HOANG TRUNG\Desktop\Project Github\grade-management\RepositoryInterface\IResultRepository.cs(4,58): error CS0246: The type or namespace name 'Result' could not be found (are you missing a using directive or an assembly reference?) [C:\Users\HOANG TRUNG\Desktop\Project Github\grade-management\GradeManagement.csproj]
C:\Users\HOANG TRUNG\Desktop\Project Github\grade-management\RepositoryInterface\IStudentRepository.cs(4,59): error CS0246: The type or namespace name 'Student' could not be found (are you missing a using directive or an assembly reference?) [C:\Users\HOANG TRUNG\Desktop\Project Github\grade-management\GradeManagement.csproj]
C:\Users\HOANG TRUNG\Desktop\Project Github\grade-management\RepositoryInterface\IUserRepository.cs(4,56): error CS0246: The type or namespace name 'User' could not be found (are you missing a using directive or an assembly reference?) [C:\Users\HOANG TRUNG\Desktop\Project Github\grade-management\GradeManagement.csproj]
C:\Users\HOANG TRUNG\Desktop\Project Github\grade-management\RepositoryInterface\IUserRepository.cs(5,10): error CS0246: The type or namespace name 'User' could not be found (are you missing a using directive or an assembly reference?) [C:\Users\HOANG TRUNG\Desktop\Project Github\grade-management\GradeManagement.csproj]
C:\Users\HOANG TRUNG\Desktop\Project Github\grade-management\ServiceInterface\IStudentService.cs(5,22): error CS0246: The type or namespace name 'Result' could not be found (are you missing a using directive or an assembly reference?) [C:\Users\HOANG TRUNG\Desktop\Project Github\grade-management\GradeManagement.csproj]
C:\Users\HOANG TRUNG\Desktop\Project Github\grade-management\Repository\CourseRepository.cs(7,61): error CS0535: 'CourseRepository' does not implement interface member 'IBaseRepository<Course>.create(Course)' [C:\Users\HOANG TRUNG\Desktop\Project Github\grade-management\GradeManagement.csproj]
C:\Users\HOANG TRUNG\Desktop\Project Github\grade-management\Repository\CourseRepository.cs(7,61): error CS0738: 'CourseRepository' does not implement interface member 'IBaseRepository<Course>.getById(string)'. 'BaseRepository<Course>.getById(string)' cannot implement 'IBaseRepository<Course>.getById(string)' because it does not have the matching return type of 'Task<Course?>'. [C:\Users\HOANG TRUNG\Desktop\Project Github\grade-management\GradeManagement.csproj]
C:\Users\HOANG TRUNG\Desktop\Project Github\grade-management\Repository\CourseRepository.cs(7,61): error CS0738: 'CourseRepository' does not implement interface member 'IBaseRepository<Course>.getAll()'. 'BaseRepository<Course>.getAll()' cannot implement 'IBaseRepository<Course>.getAll()' because it does not have the matching return type of 'Task<IEnumerable<Course>>'. [C:\Users\HOANG TRUNG\Desktop\Project Github\grade-management\GradeManagement.csproj]
C:\Users\HOANG TRUNG\Desktop\Project Github\grade-management\Repository\CourseRepository.cs(7,61): error CS0535: 'CourseRepository' does not implement interface member 'IBaseRepository<Course>.update(Course)' [C:\Users\HOANG TRUNG\Desktop\Project Github\grade-management\GradeManagement.csproj]
C:\Users\HOANG TRUNG\Desktop\Project Github\grade-management\ServiceInterface\IUserService.cs(6,27): error CS0246: The type or namespace name 'User' could not be found (are you missing a using directive or an assembly reference?) [C:\Users\HOANG TRUNG\Desktop\Project Github\grade-management\GradeManagement.csproj]
C:\Users\HOANG TRUNG\Desktop\Project Github\grade-management\Repository\ResultRepository.cs(7,61): error CS0535: 'ResultRepository' does not implement interface member 'IBaseRepository<Result>.create(Result)' [C:\Users\HOANG TRUNG\Desktop\Project Github\grade-management\GradeManagement.csproj]
C:\Users\HOANG TRUNG\Desktop\Project Github\grade-management\Repository\ResultRepository.cs(7,61): error CS0738: 'ResultRepository' does not implement interface member 'IBaseRepository<Result>.getById(string)'. 'BaseRepository<Result>.getById(string)' cannot implement 'IBaseRepository<Result>.getById(string)' because it does not have the matching return type of 'Task<Result?>'. [C:\Users\HOANG TRUNG\Desktop\Project Github\grade-management\GradeManagement.csproj]
C:\Users\HOANG TRUNG\Desktop\Project Github\grade-management\Repository\ResultRepository.cs(7,61): error CS0738: 'ResultRepository' does not implement interface member 'IBaseRepository<Result>.getAll()'. 'BaseRepository<Result>.getAll()' cannot implement 'IBaseRepository<Result>.getAll()' because it does not have the matching return type of 'Task<IEnumerable<Result>>'. [C:\Users\HOANG TRUNG\Desktop\Project Github\grade-management\GradeManagement.csproj]
C:\Users\HOANG TRUNG\Desktop\Project Github\grade-management\Repository\ResultRepository.cs(7,61): error CS0535: 'ResultRepository' does not implement interface member 'IBaseRepository<Result>.update(Result)' [C:\Users\HOANG TRUNG\Desktop\Project Github\grade-management\GradeManagement.csproj]
C:\Users\HOANG TRUNG\Desktop\Project Github\grade-management\Repository\StudentRepository.cs(7,63): error CS0535: 'StudentRepository' does not implement interface member 'IBaseRepository<Student>.create(Student)' [C:\Users\HOANG TRUNG\Desktop\Project Github\grade-management\GradeManagement.csproj]
C:\Users\HOANG TRUNG\Desktop\Project Github\grade-management\Repository\StudentRepository.cs(7,63): error CS0738: 'StudentRepository' does not implement interface member 'IBaseRepository<Student>.getById(string)'. 'BaseRepository<Student>.getById(string)' cannot implement 'IBaseRepository<Student>.getById(string)' because it does not have the matching return type of 'Task<Student?>'. [C:\Users\HOANG TRUNG\Desktop\Project Github\grade-management\GradeManagement.csproj]
C:\Users\HOANG TRUNG\Desktop\Project Github\grade-management\Repository\StudentRepository.cs(7,63): error CS0738: 'StudentRepository' does not implement interface member 'IBaseRepository<Student>.getAll()'. 'BaseRepository<Student>.getAll()' cannot implement 'IBaseRepository<Student>.getAll()' because it does not have the matching return type of 'Task<IEnumerable<Student>>'. [C:\Users\HOANG TRUNG\Desktop\Project Github\grade-management\GradeManagement.csproj]
C:\Users\HOANG TRUNG\Desktop\Project Github\grade-management\Repository\StudentRepository.cs(7,63): error CS0535: 'StudentRepository' does not implement interface member 'IBaseRepository<Student>.update(Student)' [C:\Users\HOANG TRUNG\Desktop\Project Github\grade-management\GradeManagement.csproj]
C:\Users\HOANG TRUNG\Desktop\Project Github\grade-management\Service\StudentService.cs(17,35): error CS0246: The type or namespace name 'Result' could not be found (are you missing a using directive or an assembly reference?) [C:\Users\HOANG TRUNG\Desktop\Project Github\grade-management\GradeManagement.csproj]
C:\Users\HOANG TRUNG\Desktop\Project Github\grade-management\Service\UserService.cs(13,41): error CS0246: The type or namespace name 'User' could not be found (are you missing a using directive or an assembly reference?) [C:\Users\HOANG TRUNG\Desktop\Project Github\grade-management\GradeManagement.csproj]
C:\Users\HOANG TRUNG\Desktop\Project Github\grade-management\Repository\UserRepository.cs(8,57): error CS0738: 'UserRepository' does not implement interface member 'IUserRepository.getUserByUsername(string)'. 'UserRepository.getUserByUsername(string)' cannot implement 'IUserRepository.getUserByUsername(string)' because it does not have the matching return type of 'Task<User?>'. [C:\Users\HOANG TRUNG\Desktop\Project Github\grade-management\GradeManagement.csproj]
C:\Users\HOANG TRUNG\Desktop\Project Github\grade-management\Repository\UserRepository.cs(8,57): error CS0535: 'UserRepository' does not implement interface member 'IBaseRepository<User>.create(User)' [C:\Users\HOANG TRUNG\Desktop\Project Github\grade-management\GradeManagement.csproj]
C:\Users\HOANG TRUNG\Desktop\Project Github\grade-management\Repository\UserRepository.cs(8,57): error CS0738: 'UserRepository' does not implement interface member 'IBaseRepository<User>.getById(string)'. 'BaseRepository<User>.getById(string)' cannot implement 'IBaseRepository<User>.getById(string)' because it does not have the matching return type of 'Task<User?>'. [C:\Users\HOANG TRUNG\Desktop\Project Github\grade-management\GradeManagement.csproj]
C:\Users\HOANG TRUNG\Desktop\Project Github\grade-management\Repository\UserRepository.cs(8,57): error CS0738: 'UserRepository' does not implement interface member 'IBaseRepository<User>.getAll()'. 'BaseRepository<User>.getAll()' cannot implement 'IBaseRepository<User>.getAll()' because it does not have the matching return type of 'Task<IEnumerable<User>>'. [C:\Users\HOANG TRUNG\Desktop\Project Github\grade-management\GradeManagement.csproj]
C:\Users\HOANG TRUNG\Desktop\Project Github\grade-management\Repository\UserRepository.cs(8,57): error CS0535: 'UserRepository' does not implement interface member 'IBaseRepository<User>.update(User)' [C:\Users\HOANG TRUNG\Desktop\Project Github\grade-management\GradeManagement.csproj]
    0 Warning(s)
    35 Error(s)

Time Elapsed 00:00:03.15
