  Determining projects to restore...
  All projects are up-to-date for restore.
C:\Users\HOANG TRUNG\Desktop\Project Github\grade-management\DTO\Response\UserResponseDTO.cs(12,12): warning CS8618: Non-nullable property 'id' must contain a non-null value when exiting constructor. Consider adding the 'required' modifier or declaring the property as nullable. [C:\Users\HOANG TRUNG\Desktop\Project Github\grade-management\GradeManagement.csproj]
C:\Users\HOANG TRUNG\Desktop\Project Github\grade-management\DTO\Response\UserResponseDTO.cs(12,12): warning CS8618: Non-nullable property 'name' must contain a non-null value when exiting constructor. Consider adding the 'required' modifier or declaring the property as nullable. [C:\Users\HOANG TRUNG\Desktop\Project Github\grade-management\GradeManagement.csproj]
C:\Users\HOANG TRUNG\Desktop\Project Github\grade-management\DTO\Response\UserResponseDTO.cs(12,12): warning CS8618: Non-nullable property 'username' must contain a non-null value when exiting constructor. Consider adding the 'required' modifier or declaring the property as nullable. [C:\Users\HOANG TRUNG\Desktop\Project Github\grade-management\GradeManagement.csproj]
C:\Users\HOANG TRUNG\Desktop\Project Github\grade-management\MainForm.cs(13,12): warning CS8618: Non-nullable field 'btnCheckConnection' must contain a non-null value when exiting constructor. Consider adding the 'required' modifier or declaring the field as nullable. [C:\Users\HOANG TRUNG\Desktop\Project Github\grade-management\GradeManagement.csproj]
C:\Users\HOANG TRUNG\Desktop\Project Github\grade-management\Entity\User.cs(32,12): warning CS8618: Non-nullable property 'id' must contain a non-null value when exiting constructor. Consider adding the 'required' modifier or declaring the property as nullable. [C:\Users\HOANG TRUNG\Desktop\Project Github\grade-management\GradeManagement.csproj]
C:\Users\HOANG TRUNG\Desktop\Project Github\grade-management\Entity\User.cs(32,12): warning CS8618: Non-nullable property 'name' must contain a non-null value when exiting constructor. Consider adding the 'required' modifier or declaring the property as nullable. [C:\Users\HOANG TRUNG\Desktop\Project Github\grade-management\GradeManagement.csproj]
C:\Users\HOANG TRUNG\Desktop\Project Github\grade-management\Entity\User.cs(32,12): warning CS8618: Non-nullable property 'username' must contain a non-null value when exiting constructor. Consider adding the 'required' modifier or declaring the property as nullable. [C:\Users\HOANG TRUNG\Desktop\Project Github\grade-management\GradeManagement.csproj]
C:\Users\HOANG TRUNG\Desktop\Project Github\grade-management\Entity\User.cs(32,12): warning CS8618: Non-nullable property 'password' must contain a non-null value when exiting constructor. Consider adding the 'required' modifier or declaring the property as nullable. [C:\Users\HOANG TRUNG\Desktop\Project Github\grade-management\GradeManagement.csproj]
C:\Users\HOANG TRUNG\Desktop\Project Github\grade-management\Entity\Student.cs(13,12): warning CS8618: Non-nullable property 'Faculty' must contain a non-null value when exiting constructor. Consider adding the 'required' modifier or declaring the property as nullable. [C:\Users\HOANG TRUNG\Desktop\Project Github\grade-management\GradeManagement.csproj]
C:\Users\HOANG TRUNG\Desktop\Project Github\grade-management\Entity\Student.cs(17,12): warning CS8618: Non-nullable property 'Faculty' must contain a non-null value when exiting constructor. Consider adding the 'required' modifier or declaring the property as nullable. [C:\Users\HOANG TRUNG\Desktop\Project Github\grade-management\GradeManagement.csproj]
C:\Users\HOANG TRUNG\Desktop\Project Github\grade-management\DTO\Request\UserChangeInfoRequestDTO.cs(8,19): warning CS8618: Non-nullable property 'id' must contain a non-null value when exiting constructor. Consider adding the 'required' modifier or declaring the property as nullable. [C:\Users\HOANG TRUNG\Desktop\Project Github\grade-management\GradeManagement.csproj]
C:\Users\HOANG TRUNG\Desktop\Project Github\grade-management\DTO\Request\UserChangeInfoRequestDTO.cs(12,19): warning CS8618: Non-nullable property 'name' must contain a non-null value when exiting constructor. Consider adding the 'required' modifier or declaring the property as nullable. [C:\Users\HOANG TRUNG\Desktop\Project Github\grade-management\GradeManagement.csproj]
C:\Users\HOANG TRUNG\Desktop\Project Github\grade-management\DTO\Request\UserChangeInfoRequestDTO.cs(16,19): warning CS8618: Non-nullable property 'username' must contain a non-null value when exiting constructor. Consider adding the 'required' modifier or declaring the property as nullable. [C:\Users\HOANG TRUNG\Desktop\Project Github\grade-management\GradeManagement.csproj]
C:\Users\HOANG TRUNG\Desktop\Project Github\grade-management\DTO\Request\UserChangeInfoRequestDTO.cs(20,19): warning CS8618: Non-nullable property 'password' must contain a non-null value when exiting constructor. Consider adding the 'required' modifier or declaring the property as nullable. [C:\Users\HOANG TRUNG\Desktop\Project Github\grade-management\GradeManagement.csproj]
C:\Users\HOANG TRUNG\Desktop\Project Github\grade-management\DTO\Response\StudentResponseDTO.cs(14,12): warning CS8618: Non-nullable property 'id' must contain a non-null value when exiting constructor. Consider adding the 'required' modifier or declaring the property as nullable. [C:\Users\HOANG TRUNG\Desktop\Project Github\grade-management\GradeManagement.csproj]
C:\Users\HOANG TRUNG\Desktop\Project Github\grade-management\DTO\Response\StudentResponseDTO.cs(14,12): warning CS8618: Non-nullable property 'name' must contain a non-null value when exiting constructor. Consider adding the 'required' modifier or declaring the property as nullable. [C:\Users\HOANG TRUNG\Desktop\Project Github\grade-management\GradeManagement.csproj]
C:\Users\HOANG TRUNG\Desktop\Project Github\grade-management\DTO\Response\StudentResponseDTO.cs(14,12): warning CS8618: Non-nullable property 'username' must contain a non-null value when exiting constructor. Consider adding the 'required' modifier or declaring the property as nullable. [C:\Users\HOANG TRUNG\Desktop\Project Github\grade-management\GradeManagement.csproj]
C:\Users\HOANG TRUNG\Desktop\Project Github\grade-management\DTO\Response\StudentResponseDTO.cs(14,12): warning CS8618: Non-nullable property 'facultyId' must contain a non-null value when exiting constructor. Consider adding the 'required' modifier or declaring the property as nullable. [C:\Users\HOANG TRUNG\Desktop\Project Github\grade-management\GradeManagement.csproj]
C:\Users\HOANG TRUNG\Desktop\Project Github\grade-management\DTO\Response\StudentResponseDTO.cs(14,12): warning CS8618: Non-nullable property 'facultyName' must contain a non-null value when exiting constructor. Consider adding the 'required' modifier or declaring the property as nullable. [C:\Users\HOANG TRUNG\Desktop\Project Github\grade-management\GradeManagement.csproj]
C:\Users\HOANG TRUNG\Desktop\Project Github\grade-management\DTO\Request\ResultRequestDTO.cs(8,19): warning CS8618: Non-nullable property 'sid' must contain a non-null value when exiting constructor. Consider adding the 'required' modifier or declaring the property as nullable. [C:\Users\HOANG TRUNG\Desktop\Project Github\grade-management\GradeManagement.csproj]
C:\Users\HOANG TRUNG\Desktop\Project Github\grade-management\DTO\Request\ResultRequestDTO.cs(11,19): warning CS8618: Non-nullable property 'cid' must contain a non-null value when exiting constructor. Consider adding the 'required' modifier or declaring the property as nullable. [C:\Users\HOANG TRUNG\Desktop\Project Github\grade-management\GradeManagement.csproj]
C:\Users\HOANG TRUNG\Desktop\Project Github\grade-management\DTO\Request\EnrollmentRequestDTO.cs(8,19): warning CS8618: Non-nullable property 'studentId' must contain a non-null value when exiting constructor. Consider adding the 'required' modifier or declaring the property as nullable. [C:\Users\HOANG TRUNG\Desktop\Project Github\grade-management\GradeManagement.csproj]
C:\Users\HOANG TRUNG\Desktop\Project Github\grade-management\DTO\Request\EnrollmentRequestDTO.cs(11,19): warning CS8618: Non-nullable property 'courseId' must contain a non-null value when exiting constructor. Consider adding the 'required' modifier or declaring the property as nullable. [C:\Users\HOANG TRUNG\Desktop\Project Github\grade-management\GradeManagement.csproj]
C:\Users\HOANG TRUNG\Desktop\Project Github\grade-management\DTO\Request\CourseRequestDTO.cs(9,19): warning CS8618: Non-nullable property 'id' must contain a non-null value when exiting constructor. Consider adding the 'required' modifier or declaring the property as nullable. [C:\Users\HOANG TRUNG\Desktop\Project Github\grade-management\GradeManagement.csproj]
C:\Users\HOANG TRUNG\Desktop\Project Github\grade-management\DTO\Request\CourseRequestDTO.cs(13,19): warning CS8618: Non-nullable property 'name' must contain a non-null value when exiting constructor. Consider adding the 'required' modifier or declaring the property as nullable. [C:\Users\HOANG TRUNG\Desktop\Project Github\grade-management\GradeManagement.csproj]
C:\Users\HOANG TRUNG\Desktop\Project Github\grade-management\DTO\Response\StudentResponseDTO.cs(22,24): warning CS8601: Possible null reference assignment. [C:\Users\HOANG TRUNG\Desktop\Project Github\grade-management\GradeManagement.csproj]
C:\Users\HOANG TRUNG\Desktop\Project Github\grade-management\DTO\Response\StudentResponseDTO.cs(23,26): warning CS8601: Possible null reference assignment. [C:\Users\HOANG TRUNG\Desktop\Project Github\grade-management\GradeManagement.csproj]
C:\Users\HOANG TRUNG\Desktop\Project Github\grade-management\DTO\Response\StudentResponseDTO.cs(16,12): warning CS8618: Non-nullable property 'facultyId' must contain a non-null value when exiting constructor. Consider adding the 'required' modifier or declaring the property as nullable. [C:\Users\HOANG TRUNG\Desktop\Project Github\grade-management\GradeManagement.csproj]
C:\Users\HOANG TRUNG\Desktop\Project Github\grade-management\DTO\Response\StudentResponseDTO.cs(16,12): warning CS8618: Non-nullable property 'facultyName' must contain a non-null value when exiting constructor. Consider adding the 'required' modifier or declaring the property as nullable. [C:\Users\HOANG TRUNG\Desktop\Project Github\grade-management\GradeManagement.csproj]
C:\Users\HOANG TRUNG\Desktop\Project Github\grade-management\Entity\Result.cs(18,12): warning CS8618: Non-nullable property 'Student' must contain a non-null value when exiting constructor. Consider adding the 'required' modifier or declaring the property as nullable. [C:\Users\HOANG TRUNG\Desktop\Project Github\grade-management\GradeManagement.csproj]
C:\Users\HOANG TRUNG\Desktop\Project Github\grade-management\Entity\Result.cs(18,12): warning CS8618: Non-nullable property 'Course' must contain a non-null value when exiting constructor. Consider adding the 'required' modifier or declaring the property as nullable. [C:\Users\HOANG TRUNG\Desktop\Project Github\grade-management\GradeManagement.csproj]
C:\Users\HOANG TRUNG\Desktop\Project Github\grade-management\Entity\Result.cs(18,12): warning CS8618: Non-nullable property 'sid' must contain a non-null value when exiting constructor. Consider adding the 'required' modifier or declaring the property as nullable. [C:\Users\HOANG TRUNG\Desktop\Project Github\grade-management\GradeManagement.csproj]
C:\Users\HOANG TRUNG\Desktop\Project Github\grade-management\Entity\Result.cs(18,12): warning CS8618: Non-nullable property 'cid' must contain a non-null value when exiting constructor. Consider adding the 'required' modifier or declaring the property as nullable. [C:\Users\HOANG TRUNG\Desktop\Project Github\grade-management\GradeManagement.csproj]
C:\Users\HOANG TRUNG\Desktop\Project Github\grade-management\Entity\Result.cs(20,12): warning CS8618: Non-nullable property 'Student' must contain a non-null value when exiting constructor. Consider adding the 'required' modifier or declaring the property as nullable. [C:\Users\HOANG TRUNG\Desktop\Project Github\grade-management\GradeManagement.csproj]
C:\Users\HOANG TRUNG\Desktop\Project Github\grade-management\Entity\Result.cs(20,12): warning CS8618: Non-nullable property 'Course' must contain a non-null value when exiting constructor. Consider adding the 'required' modifier or declaring the property as nullable. [C:\Users\HOANG TRUNG\Desktop\Project Github\grade-management\GradeManagement.csproj]
C:\Users\HOANG TRUNG\Desktop\Project Github\grade-management\Entity\Course.cs(13,12): warning CS8618: Non-nullable property 'id' must contain a non-null value when exiting constructor. Consider adding the 'required' modifier or declaring the property as nullable. [C:\Users\HOANG TRUNG\Desktop\Project Github\grade-management\GradeManagement.csproj]
C:\Users\HOANG TRUNG\Desktop\Project Github\grade-management\Entity\Course.cs(13,12): warning CS8618: Non-nullable property 'name' must contain a non-null value when exiting constructor. Consider adding the 'required' modifier or declaring the property as nullable. [C:\Users\HOANG TRUNG\Desktop\Project Github\grade-management\GradeManagement.csproj]
C:\Users\HOANG TRUNG\Desktop\Project Github\grade-management\DTO\Response\ResultResponseDTO.cs(13,12): warning CS8618: Non-nullable property 'studentId' must contain a non-null value when exiting constructor. Consider adding the 'required' modifier or declaring the property as nullable. [C:\Users\HOANG TRUNG\Desktop\Project Github\grade-management\GradeManagement.csproj]
C:\Users\HOANG TRUNG\Desktop\Project Github\grade-management\DTO\Response\ResultResponseDTO.cs(13,12): warning CS8618: Non-nullable property 'studentName' must contain a non-null value when exiting constructor. Consider adding the 'required' modifier or declaring the property as nullable. [C:\Users\HOANG TRUNG\Desktop\Project Github\grade-management\GradeManagement.csproj]
C:\Users\HOANG TRUNG\Desktop\Project Github\grade-management\DTO\Response\ResultResponseDTO.cs(13,12): warning CS8618: Non-nullable property 'courseId' must contain a non-null value when exiting constructor. Consider adding the 'required' modifier or declaring the property as nullable. [C:\Users\HOANG TRUNG\Desktop\Project Github\grade-management\GradeManagement.csproj]
C:\Users\HOANG TRUNG\Desktop\Project Github\grade-management\DTO\Response\ResultResponseDTO.cs(13,12): warning CS8618: Non-nullable property 'courseName' must contain a non-null value when exiting constructor. Consider adding the 'required' modifier or declaring the property as nullable. [C:\Users\HOANG TRUNG\Desktop\Project Github\grade-management\GradeManagement.csproj]
C:\Users\HOANG TRUNG\Desktop\Project Github\grade-management\Entity\FManager.cs(13,12): warning CS8618: Non-nullable property 'Faculty' must contain a non-null value when exiting constructor. Consider adding the 'required' modifier or declaring the property as nullable. [C:\Users\HOANG TRUNG\Desktop\Project Github\grade-management\GradeManagement.csproj]
C:\Users\HOANG TRUNG\Desktop\Project Github\grade-management\Entity\FManager.cs(15,12): warning CS8618: Non-nullable property 'Faculty' must contain a non-null value when exiting constructor. Consider adding the 'required' modifier or declaring the property as nullable. [C:\Users\HOANG TRUNG\Desktop\Project Github\grade-management\GradeManagement.csproj]
C:\Users\HOANG TRUNG\Desktop\Project Github\grade-management\DTO\Response\ResultResponseDTO.cs(18,26): warning CS8601: Possible null reference assignment. [C:\Users\HOANG TRUNG\Desktop\Project Github\grade-management\GradeManagement.csproj]
C:\Users\HOANG TRUNG\Desktop\Project Github\grade-management\DTO\Response\ResultResponseDTO.cs(20,25): warning CS8601: Possible null reference assignment. [C:\Users\HOANG TRUNG\Desktop\Project Github\grade-management\GradeManagement.csproj]
C:\Users\HOANG TRUNG\Desktop\Project Github\grade-management\DTO\Response\ResultResponseDTO.cs(15,12): warning CS8618: Non-nullable property 'studentName' must contain a non-null value when exiting constructor. Consider adding the 'required' modifier or declaring the property as nullable. [C:\Users\HOANG TRUNG\Desktop\Project Github\grade-management\GradeManagement.csproj]
C:\Users\HOANG TRUNG\Desktop\Project Github\grade-management\DTO\Response\ResultResponseDTO.cs(15,12): warning CS8618: Non-nullable property 'courseName' must contain a non-null value when exiting constructor. Consider adding the 'required' modifier or declaring the property as nullable. [C:\Users\HOANG TRUNG\Desktop\Project Github\grade-management\GradeManagement.csproj]
C:\Users\HOANG TRUNG\Desktop\Project Github\grade-management\Entity\Faculty.cs(19,12): warning CS8618: Non-nullable property 'id' must contain a non-null value when exiting constructor. Consider adding the 'required' modifier or declaring the property as nullable. [C:\Users\HOANG TRUNG\Desktop\Project Github\grade-management\GradeManagement.csproj]
C:\Users\HOANG TRUNG\Desktop\Project Github\grade-management\Entity\Faculty.cs(19,12): warning CS8618: Non-nullable property 'name' must contain a non-null value when exiting constructor. Consider adding the 'required' modifier or declaring the property as nullable. [C:\Users\HOANG TRUNG\Desktop\Project Github\grade-management\GradeManagement.csproj]
C:\Users\HOANG TRUNG\Desktop\Project Github\grade-management\DTO\Response\CourseResponseDTO.cs(10,12): warning CS8618: Non-nullable property 'id' must contain a non-null value when exiting constructor. Consider adding the 'required' modifier or declaring the property as nullable. [C:\Users\HOANG TRUNG\Desktop\Project Github\grade-management\GradeManagement.csproj]
C:\Users\HOANG TRUNG\Desktop\Project Github\grade-management\DTO\Response\CourseResponseDTO.cs(10,12): warning CS8618: Non-nullable property 'name' must contain a non-null value when exiting constructor. Consider adding the 'required' modifier or declaring the property as nullable. [C:\Users\HOANG TRUNG\Desktop\Project Github\grade-management\GradeManagement.csproj]
C:\Users\HOANG TRUNG\Desktop\Project Github\grade-management\Service\FManagerService.cs(6,24): warning CS8618: Non-nullable field 'studentRepository' must contain a non-null value when exiting constructor. Consider adding the 'required' modifier or declaring the field as nullable. [C:\Users\HOANG TRUNG\Desktop\Project Github\grade-management\GradeManagement.csproj]
C:\Users\HOANG TRUNG\Desktop\Project Github\grade-management\Service\FManagerService.cs(7,23): warning CS8618: Non-nullable field 'courseRepository' must contain a non-null value when exiting constructor. Consider adding the 'required' modifier or declaring the field as nullable. [C:\Users\HOANG TRUNG\Desktop\Project Github\grade-management\GradeManagement.csproj]
C:\Users\HOANG TRUNG\Desktop\Project Github\grade-management\Service\FManagerService.cs(8,23): warning CS8618: Non-nullable field 'resultRepository' must contain a non-null value when exiting constructor. Consider adding the 'required' modifier or declaring the field as nullable. [C:\Users\HOANG TRUNG\Desktop\Project Github\grade-management\GradeManagement.csproj]
C:\Users\HOANG TRUNG\Desktop\Project Github\grade-management\MainForm.cs(31,64): warning CS8622: Nullability of reference types in type of parameter 'sender' of 'void MainForm.BtnCheckConnection_Click(object sender, EventArgs e)' doesn't match the target delegate 'EventHandler' (possibly because of nullability attributes). [C:\Users\HOANG TRUNG\Desktop\Project Github\grade-management\GradeManagement.csproj]
C:\Users\HOANG TRUNG\Desktop\Project Github\grade-management\Program.cs(21,10): error CS1061: 'ServiceCollection' does not contain a definition for 'AddDbContext' and no accessible extension method 'AddDbContext' accepting a first argument of type 'ServiceCollection' could be found (are you missing a using directive or an assembly reference?) [C:\Users\HOANG TRUNG\Desktop\Project Github\grade-management\GradeManagement.csproj]
C:\Users\HOANG TRUNG\Desktop\Project Github\grade-management\Service\FManagerService.cs(7,23): warning CS0169: The field 'FManagerService.courseRepository' is never used [C:\Users\HOANG TRUNG\Desktop\Project Github\grade-management\GradeManagement.csproj]
C:\Users\HOANG TRUNG\Desktop\Project Github\grade-management\Service\FManagerService.cs(6,24): warning CS0169: The field 'FManagerService.studentRepository' is never used [C:\Users\HOANG TRUNG\Desktop\Project Github\grade-management\GradeManagement.csproj]
C:\Users\HOANG TRUNG\Desktop\Project Github\grade-management\Service\FManagerService.cs(8,23): warning CS0169: The field 'FManagerService.resultRepository' is never used [C:\Users\HOANG TRUNG\Desktop\Project Github\grade-management\GradeManagement.csproj]

Build FAILED.

C:\Users\HOANG TRUNG\Desktop\Project Github\grade-management\DTO\Response\UserResponseDTO.cs(12,12): warning CS8618: Non-nullable property 'id' must contain a non-null value when exiting constructor. Consider adding the 'required' modifier or declaring the property as nullable. [C:\Users\HOANG TRUNG\Desktop\Project Github\grade-management\GradeManagement.csproj]
C:\Users\HOANG TRUNG\Desktop\Project Github\grade-management\DTO\Response\UserResponseDTO.cs(12,12): warning CS8618: Non-nullable property 'name' must contain a non-null value when exiting constructor. Consider adding the 'required' modifier or declaring the property as nullable. [C:\Users\HOANG TRUNG\Desktop\Project Github\grade-management\GradeManagement.csproj]
C:\Users\HOANG TRUNG\Desktop\Project Github\grade-management\DTO\Response\UserResponseDTO.cs(12,12): warning CS8618: Non-nullable property 'username' must contain a non-null value when exiting constructor. Consider adding the 'required' modifier or declaring the property as nullable. [C:\Users\HOANG TRUNG\Desktop\Project Github\grade-management\GradeManagement.csproj]
C:\Users\HOANG TRUNG\Desktop\Project Github\grade-management\MainForm.cs(13,12): warning CS8618: Non-nullable field 'btnCheckConnection' must contain a non-null value when exiting constructor. Consider adding the 'required' modifier or declaring the field as nullable. [C:\Users\HOANG TRUNG\Desktop\Project Github\grade-management\GradeManagement.csproj]
C:\Users\HOANG TRUNG\Desktop\Project Github\grade-management\Entity\User.cs(32,12): warning CS8618: Non-nullable property 'id' must contain a non-null value when exiting constructor. Consider adding the 'required' modifier or declaring the property as nullable. [C:\Users\HOANG TRUNG\Desktop\Project Github\grade-management\GradeManagement.csproj]
C:\Users\HOANG TRUNG\Desktop\Project Github\grade-management\Entity\User.cs(32,12): warning CS8618: Non-nullable property 'name' must contain a non-null value when exiting constructor. Consider adding the 'required' modifier or declaring the property as nullable. [C:\Users\HOANG TRUNG\Desktop\Project Github\grade-management\GradeManagement.csproj]
C:\Users\HOANG TRUNG\Desktop\Project Github\grade-management\Entity\User.cs(32,12): warning CS8618: Non-nullable property 'username' must contain a non-null value when exiting constructor. Consider adding the 'required' modifier or declaring the property as nullable. [C:\Users\HOANG TRUNG\Desktop\Project Github\grade-management\GradeManagement.csproj]
C:\Users\HOANG TRUNG\Desktop\Project Github\grade-management\Entity\User.cs(32,12): warning CS8618: Non-nullable property 'password' must contain a non-null value when exiting constructor. Consider adding the 'required' modifier or declaring the property as nullable. [C:\Users\HOANG TRUNG\Desktop\Project Github\grade-management\GradeManagement.csproj]
C:\Users\HOANG TRUNG\Desktop\Project Github\grade-management\Entity\Student.cs(13,12): warning CS8618: Non-nullable property 'Faculty' must contain a non-null value when exiting constructor. Consider adding the 'required' modifier or declaring the property as nullable. [C:\Users\HOANG TRUNG\Desktop\Project Github\grade-management\GradeManagement.csproj]
C:\Users\HOANG TRUNG\Desktop\Project Github\grade-management\Entity\Student.cs(17,12): warning CS8618: Non-nullable property 'Faculty' must contain a non-null value when exiting constructor. Consider adding the 'required' modifier or declaring the property as nullable. [C:\Users\HOANG TRUNG\Desktop\Project Github\grade-management\GradeManagement.csproj]
C:\Users\HOANG TRUNG\Desktop\Project Github\grade-management\DTO\Request\UserChangeInfoRequestDTO.cs(8,19): warning CS8618: Non-nullable property 'id' must contain a non-null value when exiting constructor. Consider adding the 'required' modifier or declaring the property as nullable. [C:\Users\HOANG TRUNG\Desktop\Project Github\grade-management\GradeManagement.csproj]
C:\Users\HOANG TRUNG\Desktop\Project Github\grade-management\DTO\Request\UserChangeInfoRequestDTO.cs(12,19): warning CS8618: Non-nullable property 'name' must contain a non-null value when exiting constructor. Consider adding the 'required' modifier or declaring the property as nullable. [C:\Users\HOANG TRUNG\Desktop\Project Github\grade-management\GradeManagement.csproj]
C:\Users\HOANG TRUNG\Desktop\Project Github\grade-management\DTO\Request\UserChangeInfoRequestDTO.cs(16,19): warning CS8618: Non-nullable property 'username' must contain a non-null value when exiting constructor. Consider adding the 'required' modifier or declaring the property as nullable. [C:\Users\HOANG TRUNG\Desktop\Project Github\grade-management\GradeManagement.csproj]
C:\Users\HOANG TRUNG\Desktop\Project Github\grade-management\DTO\Request\UserChangeInfoRequestDTO.cs(20,19): warning CS8618: Non-nullable property 'password' must contain a non-null value when exiting constructor. Consider adding the 'required' modifier or declaring the property as nullable. [C:\Users\HOANG TRUNG\Desktop\Project Github\grade-management\GradeManagement.csproj]
C:\Users\HOANG TRUNG\Desktop\Project Github\grade-management\DTO\Response\StudentResponseDTO.cs(14,12): warning CS8618: Non-nullable property 'id' must contain a non-null value when exiting constructor. Consider adding the 'required' modifier or declaring the property as nullable. [C:\Users\HOANG TRUNG\Desktop\Project Github\grade-management\GradeManagement.csproj]
C:\Users\HOANG TRUNG\Desktop\Project Github\grade-management\DTO\Response\StudentResponseDTO.cs(14,12): warning CS8618: Non-nullable property 'name' must contain a non-null value when exiting constructor. Consider adding the 'required' modifier or declaring the property as nullable. [C:\Users\HOANG TRUNG\Desktop\Project Github\grade-management\GradeManagement.csproj]
C:\Users\HOANG TRUNG\Desktop\Project Github\grade-management\DTO\Response\StudentResponseDTO.cs(14,12): warning CS8618: Non-nullable property 'username' must contain a non-null value when exiting constructor. Consider adding the 'required' modifier or declaring the property as nullable. [C:\Users\HOANG TRUNG\Desktop\Project Github\grade-management\GradeManagement.csproj]
C:\Users\HOANG TRUNG\Desktop\Project Github\grade-management\DTO\Response\StudentResponseDTO.cs(14,12): warning CS8618: Non-nullable property 'facultyId' must contain a non-null value when exiting constructor. Consider adding the 'required' modifier or declaring the property as nullable. [C:\Users\HOANG TRUNG\Desktop\Project Github\grade-management\GradeManagement.csproj]
C:\Users\HOANG TRUNG\Desktop\Project Github\grade-management\DTO\Response\StudentResponseDTO.cs(14,12): warning CS8618: Non-nullable property 'facultyName' must contain a non-null value when exiting constructor. Consider adding the 'required' modifier or declaring the property as nullable. [C:\Users\HOANG TRUNG\Desktop\Project Github\grade-management\GradeManagement.csproj]
C:\Users\HOANG TRUNG\Desktop\Project Github\grade-management\DTO\Request\ResultRequestDTO.cs(8,19): warning CS8618: Non-nullable property 'sid' must contain a non-null value when exiting constructor. Consider adding the 'required' modifier or declaring the property as nullable. [C:\Users\HOANG TRUNG\Desktop\Project Github\grade-management\GradeManagement.csproj]
C:\Users\HOANG TRUNG\Desktop\Project Github\grade-management\DTO\Request\ResultRequestDTO.cs(11,19): warning CS8618: Non-nullable property 'cid' must contain a non-null value when exiting constructor. Consider adding the 'required' modifier or declaring the property as nullable. [C:\Users\HOANG TRUNG\Desktop\Project Github\grade-management\GradeManagement.csproj]
C:\Users\HOANG TRUNG\Desktop\Project Github\grade-management\DTO\Request\EnrollmentRequestDTO.cs(8,19): warning CS8618: Non-nullable property 'studentId' must contain a non-null value when exiting constructor. Consider adding the 'required' modifier or declaring the property as nullable. [C:\Users\HOANG TRUNG\Desktop\Project Github\grade-management\GradeManagement.csproj]
C:\Users\HOANG TRUNG\Desktop\Project Github\grade-management\DTO\Request\EnrollmentRequestDTO.cs(11,19): warning CS8618: Non-nullable property 'courseId' must contain a non-null value when exiting constructor. Consider adding the 'required' modifier or declaring the property as nullable. [C:\Users\HOANG TRUNG\Desktop\Project Github\grade-management\GradeManagement.csproj]
C:\Users\HOANG TRUNG\Desktop\Project Github\grade-management\DTO\Request\CourseRequestDTO.cs(9,19): warning CS8618: Non-nullable property 'id' must contain a non-null value when exiting constructor. Consider adding the 'required' modifier or declaring the property as nullable. [C:\Users\HOANG TRUNG\Desktop\Project Github\grade-management\GradeManagement.csproj]
C:\Users\HOANG TRUNG\Desktop\Project Github\grade-management\DTO\Request\CourseRequestDTO.cs(13,19): warning CS8618: Non-nullable property 'name' must contain a non-null value when exiting constructor. Consider adding the 'required' modifier or declaring the property as nullable. [C:\Users\HOANG TRUNG\Desktop\Project Github\grade-management\GradeManagement.csproj]
C:\Users\HOANG TRUNG\Desktop\Project Github\grade-management\DTO\Response\StudentResponseDTO.cs(22,24): warning CS8601: Possible null reference assignment. [C:\Users\HOANG TRUNG\Desktop\Project Github\grade-management\GradeManagement.csproj]
C:\Users\HOANG TRUNG\Desktop\Project Github\grade-management\DTO\Response\StudentResponseDTO.cs(23,26): warning CS8601: Possible null reference assignment. [C:\Users\HOANG TRUNG\Desktop\Project Github\grade-management\GradeManagement.csproj]
C:\Users\HOANG TRUNG\Desktop\Project Github\grade-management\DTO\Response\StudentResponseDTO.cs(16,12): warning CS8618: Non-nullable property 'facultyId' must contain a non-null value when exiting constructor. Consider adding the 'required' modifier or declaring the property as nullable. [C:\Users\HOANG TRUNG\Desktop\Project Github\grade-management\GradeManagement.csproj]
C:\Users\HOANG TRUNG\Desktop\Project Github\grade-management\DTO\Response\StudentResponseDTO.cs(16,12): warning CS8618: Non-nullable property 'facultyName' must contain a non-null value when exiting constructor. Consider adding the 'required' modifier or declaring the property as nullable. [C:\Users\HOANG TRUNG\Desktop\Project Github\grade-management\GradeManagement.csproj]
C:\Users\HOANG TRUNG\Desktop\Project Github\grade-management\Entity\Result.cs(18,12): warning CS8618: Non-nullable property 'Student' must contain a non-null value when exiting constructor. Consider adding the 'required' modifier or declaring the property as nullable. [C:\Users\HOANG TRUNG\Desktop\Project Github\grade-management\GradeManagement.csproj]
C:\Users\HOANG TRUNG\Desktop\Project Github\grade-management\Entity\Result.cs(18,12): warning CS8618: Non-nullable property 'Course' must contain a non-null value when exiting constructor. Consider adding the 'required' modifier or declaring the property as nullable. [C:\Users\HOANG TRUNG\Desktop\Project Github\grade-management\GradeManagement.csproj]
C:\Users\HOANG TRUNG\Desktop\Project Github\grade-management\Entity\Result.cs(18,12): warning CS8618: Non-nullable property 'sid' must contain a non-null value when exiting constructor. Consider adding the 'required' modifier or declaring the property as nullable. [C:\Users\HOANG TRUNG\Desktop\Project Github\grade-management\GradeManagement.csproj]
C:\Users\HOANG TRUNG\Desktop\Project Github\grade-management\Entity\Result.cs(18,12): warning CS8618: Non-nullable property 'cid' must contain a non-null value when exiting constructor. Consider adding the 'required' modifier or declaring the property as nullable. [C:\Users\HOANG TRUNG\Desktop\Project Github\grade-management\GradeManagement.csproj]
C:\Users\HOANG TRUNG\Desktop\Project Github\grade-management\Entity\Result.cs(20,12): warning CS8618: Non-nullable property 'Student' must contain a non-null value when exiting constructor. Consider adding the 'required' modifier or declaring the property as nullable. [C:\Users\HOANG TRUNG\Desktop\Project Github\grade-management\GradeManagement.csproj]
C:\Users\HOANG TRUNG\Desktop\Project Github\grade-management\Entity\Result.cs(20,12): warning CS8618: Non-nullable property 'Course' must contain a non-null value when exiting constructor. Consider adding the 'required' modifier or declaring the property as nullable. [C:\Users\HOANG TRUNG\Desktop\Project Github\grade-management\GradeManagement.csproj]
C:\Users\HOANG TRUNG\Desktop\Project Github\grade-management\Entity\Course.cs(13,12): warning CS8618: Non-nullable property 'id' must contain a non-null value when exiting constructor. Consider adding the 'required' modifier or declaring the property as nullable. [C:\Users\HOANG TRUNG\Desktop\Project Github\grade-management\GradeManagement.csproj]
C:\Users\HOANG TRUNG\Desktop\Project Github\grade-management\Entity\Course.cs(13,12): warning CS8618: Non-nullable property 'name' must contain a non-null value when exiting constructor. Consider adding the 'required' modifier or declaring the property as nullable. [C:\Users\HOANG TRUNG\Desktop\Project Github\grade-management\GradeManagement.csproj]
C:\Users\HOANG TRUNG\Desktop\Project Github\grade-management\DTO\Response\ResultResponseDTO.cs(13,12): warning CS8618: Non-nullable property 'studentId' must contain a non-null value when exiting constructor. Consider adding the 'required' modifier or declaring the property as nullable. [C:\Users\HOANG TRUNG\Desktop\Project Github\grade-management\GradeManagement.csproj]
C:\Users\HOANG TRUNG\Desktop\Project Github\grade-management\DTO\Response\ResultResponseDTO.cs(13,12): warning CS8618: Non-nullable property 'studentName' must contain a non-null value when exiting constructor. Consider adding the 'required' modifier or declaring the property as nullable. [C:\Users\HOANG TRUNG\Desktop\Project Github\grade-management\GradeManagement.csproj]
C:\Users\HOANG TRUNG\Desktop\Project Github\grade-management\DTO\Response\ResultResponseDTO.cs(13,12): warning CS8618: Non-nullable property 'courseId' must contain a non-null value when exiting constructor. Consider adding the 'required' modifier or declaring the property as nullable. [C:\Users\HOANG TRUNG\Desktop\Project Github\grade-management\GradeManagement.csproj]
C:\Users\HOANG TRUNG\Desktop\Project Github\grade-management\DTO\Response\ResultResponseDTO.cs(13,12): warning CS8618: Non-nullable property 'courseName' must contain a non-null value when exiting constructor. Consider adding the 'required' modifier or declaring the property as nullable. [C:\Users\HOANG TRUNG\Desktop\Project Github\grade-management\GradeManagement.csproj]
C:\Users\HOANG TRUNG\Desktop\Project Github\grade-management\Entity\FManager.cs(13,12): warning CS8618: Non-nullable property 'Faculty' must contain a non-null value when exiting constructor. Consider adding the 'required' modifier or declaring the property as nullable. [C:\Users\HOANG TRUNG\Desktop\Project Github\grade-management\GradeManagement.csproj]
C:\Users\HOANG TRUNG\Desktop\Project Github\grade-management\Entity\FManager.cs(15,12): warning CS8618: Non-nullable property 'Faculty' must contain a non-null value when exiting constructor. Consider adding the 'required' modifier or declaring the property as nullable. [C:\Users\HOANG TRUNG\Desktop\Project Github\grade-management\GradeManagement.csproj]
C:\Users\HOANG TRUNG\Desktop\Project Github\grade-management\DTO\Response\ResultResponseDTO.cs(18,26): warning CS8601: Possible null reference assignment. [C:\Users\HOANG TRUNG\Desktop\Project Github\grade-management\GradeManagement.csproj]
C:\Users\HOANG TRUNG\Desktop\Project Github\grade-management\DTO\Response\ResultResponseDTO.cs(20,25): warning CS8601: Possible null reference assignment. [C:\Users\HOANG TRUNG\Desktop\Project Github\grade-management\GradeManagement.csproj]
C:\Users\HOANG TRUNG\Desktop\Project Github\grade-management\DTO\Response\ResultResponseDTO.cs(15,12): warning CS8618: Non-nullable property 'studentName' must contain a non-null value when exiting constructor. Consider adding the 'required' modifier or declaring the property as nullable. [C:\Users\HOANG TRUNG\Desktop\Project Github\grade-management\GradeManagement.csproj]
C:\Users\HOANG TRUNG\Desktop\Project Github\grade-management\DTO\Response\ResultResponseDTO.cs(15,12): warning CS8618: Non-nullable property 'courseName' must contain a non-null value when exiting constructor. Consider adding the 'required' modifier or declaring the property as nullable. [C:\Users\HOANG TRUNG\Desktop\Project Github\grade-management\GradeManagement.csproj]
C:\Users\HOANG TRUNG\Desktop\Project Github\grade-management\Entity\Faculty.cs(19,12): warning CS8618: Non-nullable property 'id' must contain a non-null value when exiting constructor. Consider adding the 'required' modifier or declaring the property as nullable. [C:\Users\HOANG TRUNG\Desktop\Project Github\grade-management\GradeManagement.csproj]
C:\Users\HOANG TRUNG\Desktop\Project Github\grade-management\Entity\Faculty.cs(19,12): warning CS8618: Non-nullable property 'name' must contain a non-null value when exiting constructor. Consider adding the 'required' modifier or declaring the property as nullable. [C:\Users\HOANG TRUNG\Desktop\Project Github\grade-management\GradeManagement.csproj]
C:\Users\HOANG TRUNG\Desktop\Project Github\grade-management\DTO\Response\CourseResponseDTO.cs(10,12): warning CS8618: Non-nullable property 'id' must contain a non-null value when exiting constructor. Consider adding the 'required' modifier or declaring the property as nullable. [C:\Users\HOANG TRUNG\Desktop\Project Github\grade-management\GradeManagement.csproj]
C:\Users\HOANG TRUNG\Desktop\Project Github\grade-management\DTO\Response\CourseResponseDTO.cs(10,12): warning CS8618: Non-nullable property 'name' must contain a non-null value when exiting constructor. Consider adding the 'required' modifier or declaring the property as nullable. [C:\Users\HOANG TRUNG\Desktop\Project Github\grade-management\GradeManagement.csproj]
C:\Users\HOANG TRUNG\Desktop\Project Github\grade-management\Service\FManagerService.cs(6,24): warning CS8618: Non-nullable field 'studentRepository' must contain a non-null value when exiting constructor. Consider adding the 'required' modifier or declaring the field as nullable. [C:\Users\HOANG TRUNG\Desktop\Project Github\grade-management\GradeManagement.csproj]
C:\Users\HOANG TRUNG\Desktop\Project Github\grade-management\Service\FManagerService.cs(7,23): warning CS8618: Non-nullable field 'courseRepository' must contain a non-null value when exiting constructor. Consider adding the 'required' modifier or declaring the field as nullable. [C:\Users\HOANG TRUNG\Desktop\Project Github\grade-management\GradeManagement.csproj]
C:\Users\HOANG TRUNG\Desktop\Project Github\grade-management\Service\FManagerService.cs(8,23): warning CS8618: Non-nullable field 'resultRepository' must contain a non-null value when exiting constructor. Consider adding the 'required' modifier or declaring the field as nullable. [C:\Users\HOANG TRUNG\Desktop\Project Github\grade-management\GradeManagement.csproj]
C:\Users\HOANG TRUNG\Desktop\Project Github\grade-management\MainForm.cs(31,64): warning CS8622: Nullability of reference types in type of parameter 'sender' of 'void MainForm.BtnCheckConnection_Click(object sender, EventArgs e)' doesn't match the target delegate 'EventHandler' (possibly because of nullability attributes). [C:\Users\HOANG TRUNG\Desktop\Project Github\grade-management\GradeManagement.csproj]
C:\Users\HOANG TRUNG\Desktop\Project Github\grade-management\Service\FManagerService.cs(7,23): warning CS0169: The field 'FManagerService.courseRepository' is never used [C:\Users\HOANG TRUNG\Desktop\Project Github\grade-management\GradeManagement.csproj]
C:\Users\HOANG TRUNG\Desktop\Project Github\grade-management\Service\FManagerService.cs(6,24): warning CS0169: The field 'FManagerService.studentRepository' is never used [C:\Users\HOANG TRUNG\Desktop\Project Github\grade-management\GradeManagement.csproj]
C:\Users\HOANG TRUNG\Desktop\Project Github\grade-management\Service\FManagerService.cs(8,23): warning CS0169: The field 'FManagerService.resultRepository' is never used [C:\Users\HOANG TRUNG\Desktop\Project Github\grade-management\GradeManagement.csproj]
C:\Users\HOANG TRUNG\Desktop\Project Github\grade-management\Program.cs(21,10): error CS1061: 'ServiceCollection' does not contain a definition for 'AddDbContext' and no accessible extension method 'AddDbContext' accepting a first argument of type 'ServiceCollection' could be found (are you missing a using directive or an assembly reference?) [C:\Users\HOANG TRUNG\Desktop\Project Github\grade-management\GradeManagement.csproj]
    58 Warning(s)
    1 Error(s)

Time Elapsed 00:00:01.22
